Godot Engine v4.7.2.stable.official.ed1daf0bf - https://godotengine.org

walk_(-17.0, 0.0, 10.0) true at=(-17.17545, 0.000842, 10.07591)
seed_one true at=(-17.17545, 0.000842, 10.07591)
walk_(-13.0, 0.0, -5.3) true at=(-12.9328, 0.000842, -5.441253)
walk_(-13.0, 0.45, -6.65) true at=(-12.9328, 0.827602, -6.791249)
jump_first_step true at=(-12.9328, 0.450246, -6.791249)
walk_(-13.0, 1.0, -8.7) true at=(-12.9328, 1.000835, -8.891248)
jump_terrace true at=(-12.9328, 1.000835, -8.891248)
walk_(-13.0, 1.0, -10.0) true at=(-12.9328, 1.000835, -10.16625)
seed_two true at=(-12.9328, 1.000835, -10.16625)
walk_(-9.0, 0.0, -10.0) true at=(-8.807303, 0.00054, -10.16625)
walk_(-7.0, 0.0, -2.0) true at=(-6.951151, 0.00054, -1.835572)
walk_(1.4, 0.0, -4.0) true at=(1.294879, 0.00054, -3.954534)
water_recovery_with_board true at=(-5.420015, 0.000842, 7.0)
walk_(1.2, 0.0, 0.0) true at=(1.119542, 0.000842, 0.068379)
walk_(-15.0, 0.0, -5.0) true at=(-15.14917, 0.000842, -5.075824)
walk_(1.5, 0.0, 0.0) true at=(1.408084, 0.000842, -0.070688)
walk_(9.0, 0.0, 0.0) true at=(9.133074, 0.000842, -0.070688)
walk_(18.0, 0.0, 7.0) true at=(18.19207, 0.000842, 7.088763)
garden_reward true at=(18.19207, 0.000842, 7.088763)
pause_blocks_movement true at=(18.19207, 0.000842, 7.088763)
resume_clears_held_input true at=(18.19207, 0.000842, 7.088763)
replay_reset true at=(-11.0, 0.15, 7.0)
garden_reload true at=(-11.0, 0.15, 7.0)
