Godot Engine v4.7.2.stable.official.ed1daf0bf - https://godotengine.org

PASS reject malformed checkpoint 2.5
PASS reject malformed checkpoint -1
PASS reject malformed checkpoint 7
PASS reject malformed checkpoint 4
PASS reject malformed checkpoint []
PASS reject malformed checkpoint true
PASS cannot skip rescue via checkpoint
PASS gather all nearby sheep
PASS real colliders: all three walk to pasture
PASS cannot repair without a board
PASS repair order points to first supply
PASS persistent board inventory feedback
PASS wrong rail cannot consume board
PASS persistent board inventory feedback
PASS wrong rail cannot consume board
PASS repair both rails before shelter
PASS real colliders: all three enter fold
PASS safe closure hides duplicate action
PASS pause freezes shelter beat
PASS shelter unlocks return
PASS cannot count sheep at the fold
PASS real colliders: three sheep exit and return home
PASS counting opens chapter celebration
PASS Russian completion parity
PASS next chapter and optional exploration stay available
PASS explore clearing does not start caves
PASS garden remains playable after flock completion
PASS completed checkpoint and chosen banner reload
PASS replay checkpoint saves
PASS replay stays reset after reload and retains rewards
PASS restore clears stale gate timer
PASS failed save does not undo a successful stage
PASS failed replay save retains live checkpoint
PASS failed save has visible guidance
FLOCK_PROGRESSION_FAILURES=0
WARNING: 2 ObjectDB instances were leaked at exit (run with `--verbose` for details).
   at: cleanup (core/object/object.cpp:2536)
