Godot Engine v4.7.2.stable.official.ed1daf0bf - https://godotengine.org

empty_action_zero_points true at=(-11.0, 0.000234, 7.0)
invalid_action_no_reward true at=(-11.0, 0.000234, 7.0)
search_assignment true at=(-11.0, 0.000234, 7.0)
idle_joystick_visible true at=(-11.0, 0.000234, 7.0)
map_no_spoiler true at=(-11.0, 0.000234, 7.0)
map_blocks_walking true at=(-11.0, 0.000234, 7.0)
walk_(-10.0, 0.0, 3.0) true at=(-9.939339, 0.000234, 2.839811)
tracks_discovered true at=(-9.939339, 0.000234, 2.839811)
points_tracks_discovered true at=(-9.939339, 0.000234, 2.839811)
walk_(1.2, 0.0, 0.0) true at=(1.327, 0.000234, -0.077005)
bridge_motivated true at=(1.327, 0.000234, -0.077005)
walk_(-7.0, 0.0, -2.0) true at=(-7.184748, 0.000234, -2.039225)
carrying_first true at=(-7.184748, 0.000234, -2.039225)
walk_(1.2, 0.0, 0.0) true at=(1.121814, 0.000234, -0.066398)
first_board true at=(1.121814, 0.000234, -0.066398)
walk_(-15.0, 0.0, -5.0) true at=(-15.1378, 0.000234, -5.051502)
carrying_second true at=(-15.1378, 0.000234, -5.051502)
walk_(1.5, 0.0, 0.0) true at=(1.419455, 0.000234, -0.046366)
bridge_complete true at=(1.419455, 0.000234, -0.046366)
points_bridge_complete true at=(1.419455, 0.000234, -0.046366)
walk_(9.0, 0.0, 0.0) true at=(9.144455, 0.000234, -0.046366)
no_lamb_spoiler_marker true at=(9.144455, 0.000234, -0.046366)
walk_(14.0, 0.0, -6.0) true at=(14.07652, 0.000234, -6.127968)
old_lamb_spot_still_searching true at=(14.07652, 0.000234, -6.127968)
search_has_no_extra_points true at=(14.07652, 0.000234, -6.127968)
walk_(14.0, 0.0, -10.8) true at=(14.07652, 0.000234, -10.92796)
walk_(18.5, 0.0, -11.0) true at=(18.65154, 0.000234, -10.92796)
lamb_discovered true at=(18.65154, 0.000234, -10.92796)
points_lamb_discovered true at=(18.65154, 0.000234, -10.92796)
map_discovered_lamb true at=(18.65154, 0.000234, -10.92796)
lamb_called true at=(18.65154, 0.000234, -10.92796)
walk_(14.0, 0.0, -11.0) true at=(13.85152, 0.000234, -10.92796)
walk_(13.0, 0.0, -6.0) true at=(12.94995, 0.000234, -5.876874)
walk_(8.0, 0.0, 0.0) true at=(7.911829, 0.000234, 0.160796)
walk_(1.8, 0.0, 0.0) true at=(1.611838, 0.000234, 0.160796)
walk_(-6.0, 0.0, 5.0) true at=(-6.14173, 0.000234, 5.039833)
walk_(-10.0, 0.0, 7.0) true at=(-9.371511, 0.000234, 7.055082)
