Godot Engine v4.7.2.stable.official.ed1daf0bf - https://godotengine.org

near_log_context true
drag_out_and_back_does_not_pickup true
canceled_touch_does_not_pickup true
multitouch_does_not_pickup true
gui_first_multitouch_rejected true
focus_loss_cancels_tap true
pause_resume_cancels_tap true
long_press_rejected true
read_only_target_matches_projection true
joystick_region_rejected true
hud_rejected true
distant_log_rejected true
occluded_log_rejected true
real_touch_picks_up_near_log true
pickup_has_no_points true
near_preview_places_via_same_gate true
cannot_repeat_placement true
seed_target_available true
mouse_click_collects_seed true
no_animal_tap_target true
paused_tap_rejected true
WORLD_TAP_UI checks=21 failures=0
