Godot Engine v4.7.2.stable.official.ed1daf0bf - https://godotengine.org
WARNING: Failed to create wd.xic as the input method or its xim server may not have started yet.
     at: _create_xic (platform/linuxbsd/x11/display_server_x11.cpp:6347)
WARNING: Could not set V-Sync mode, as changing V-Sync mode is not supported by the graphics driver.
     at: set_use_vsync (platform/linuxbsd/x11/gl_manager_x11.cpp:372)
OpenGL API 4.5 (Core Profile) Mesa 25.2.8-0ubuntu0.24.04.2 - Compatibility - Using Device: Mesa - llvmpipe (LLVM 20.1.2, 128 bits)

PASS cave completion enters real chapter
PASS host input reads plan after teaching
PASS host input cannot place without material
PASS host input gathers and fits three finite parts
PASS high geometry blocks row in campaign
CAPTURE /tmp/jd-irrigation-ponding.png
PASS host grade action allows actual water to reach row and drain
PASS render height uses model head (float32 transform tolerance)
PASS pause freezes model
PASS real flow earns harvest
PASS reload retains construction and reward
CAPTURE /tmp/jd-irrigation-flow-en.png
CAPTURE /tmp/jd-irrigation-flow-ru.png
PASS old completed save keeps reward and offers new repair
CONSTRUCTION_HOST_FAILURES=0
