trusted_start True
map_opens True
map_pauses_player True
map_closes True
invalid_action True
walk_(-10, 3) True
joystick_keeps_camera_(-10, 3) True
tracks_discovered True
walk_(1.2, 0) True
joystick_keeps_camera_(1.2, 0) True
bridge_discovered True
walk_(-7, -2) True
joystick_keeps_camera_(-7, -2) True
pickup_1 True
walk_(1.2, 0) True
joystick_keeps_camera_(1.2, 0) True
place_1 True
walk_(-15, -5) True
joystick_keeps_camera_(-15, -5) True
pickup_2 True
Traceback (most recent call last):
  File "/tmp/jd-next-adventure/tools/trail_of_truth/test_block_browser.py", line 208, in <module>
    if __name__=='__main__':run()
                            ^^^^^
  File "/tmp/jd-next-adventure/tools/trail_of_truth/test_block_browser.py", line 207, in run
    (OUT/'checks.json').write_text(json.dumps({'checks':checks,'errors':errors,'state':state()},indent=2));browser.close()
                                                                                       ^^^^^^^
  File "/tmp/jd-next-adventure/tools/trail_of_truth/test_block_browser.py", line 28, in state
    s=engine().evaluate('window.__trailBlock')
      ^^^^^^^^^^^^^^^^^^^^^^^^^^^^^^^^^^^^^^^^
  File "/home/helper/.hermes/hermes-agent/venv/lib/python3.11/site-packages/playwright/sync_api/_generated.py", line 3871, in evaluate
    self._sync(
  File "/home/helper/.hermes/hermes-agent/venv/lib/python3.11/site-packages/playwright/_impl/_sync_base.py", line 115, in _sync
    return task.result()
           ^^^^^^^^^^^^^
  File "/home/helper/.hermes/hermes-agent/venv/lib/python3.11/site-packages/playwright/_impl/_frame.py", line 345, in evaluate
    await self._channel.send(
  File "/home/helper/.hermes/hermes-agent/venv/lib/python3.11/site-packages/playwright/_impl/_connection.py", line 76, in send
    return await self._connection.wrap_api_call(
           ^^^^^^^^^^^^^^^^^^^^^^^^^^^^^^^^^^^^^
  File "/home/helper/.hermes/hermes-agent/venv/lib/python3.11/site-packages/playwright/_impl/_connection.py", line 632, in wrap_api_call
    raise rewrite_error(error, f"{parsed_st['apiName']}: {error}") from None
playwright._impl._errors.TargetClosedError: Frame.evaluate: Target page, context or browser has been closed
