trusted_start True
map_opens True
map_pauses_player True
map_closes True
invalid_action True
walk_(-10, 3) True
joystick_keeps_camera_(-10, 3) True
tracks_discovered True
walk_(1.2, 0) True
joystick_keeps_camera_(1.2, 0) True
bridge_discovered True
walk_(-7, -2) True
joystick_keeps_camera_(-7, -2) True
pickup_1 True
walk_(1.2, 0) True
joystick_keeps_camera_(1.2, 0) True
place_1 True
walk_(-15, -5) True
joystick_keeps_camera_(-15, -5) True
pickup_2 True
walk_(1.5, 0) True
joystick_keeps_camera_(1.5, 0) True
place_2 True
walk_(9, 0) True
joystick_keeps_camera_(9, 0) True
walk_(14, -6) True
joystick_keeps_camera_(14, -6) True
lamb_not_at_old_easy_spot True
walk_(14, -10.8) True
joystick_keeps_camera_(14, -10.8) True
walk_(18.5, -11) True
joystick_keeps_camera_(18.5, -11) True
call_lamb True
walk_(14, -11) True
joystick_keeps_camera_(14, -11) True
walk_(13, -6) True
joystick_keeps_camera_(13, -6) True
walk_(8, 0) True
joystick_keeps_camera_(8, 0) True
walk_(1.8, 0) True
joystick_keeps_camera_(1.8, 0) True
walk_(-6, 5) True
joystick_keeps_camera_(-6, 5) True
walk_(-10, 7) True
joystick_keeps_camera_(-10, 7) True
browser_complete True
russian True
replay True
reward_retained True
reload_reward True
touch_start True
portrait_map True
joystick_moves True
portrait_joystick_no_camera_rotation True
joystick_releases True
touch_jump True
touch_camera True
two_thumb_moves_while_looking True
two_thumb_look_responds True
two_thumb_no_large_yaw_steps True
two_thumb_release_stops_walk True
landscape_pause True
